Archive member included to satisfy reference by file (symbol)

C:/ST/STM32CubeIDE_1.17.0/STM32CubeIDE/plugins/com.st.stm32cube.ide.mcu.externaltools.gnu-tools-for-stm32.12.3.rel1.win32_1.1.0.202410251130/tools/bin/../lib/gcc/arm-none-eabi/12.3.1/../../../../arm-none-eabi/lib/thumb/v7e-m+fp/hard\libc_nano.a(libc_a-exit.o)
                              C:/ST/STM32CubeIDE_1.17.0/STM32CubeIDE/plugins/com.st.stm32cube.ide.mcu.externaltools.gnu-tools-for-stm32.12.3.rel1.win32_1.1.0.202410251130/tools/bin/../lib/gcc/arm-none-eabi/12.3.1/../../../../arm-none-eabi/lib/thumb/v7e-m+fp/hard/crt0.o (exit)
C:/ST/STM32CubeIDE_1.17.0/STM32CubeIDE/plugins/com.st.stm32cube.ide.mcu.externaltools.gnu-tools-for-stm32.12.3.rel1.win32_1.1.0.202410251130/tools/bin/../lib/gcc/arm-none-eabi/12.3.1/../../../../arm-none-eabi/lib/thumb/v7e-m+fp/hard\libc_nano.a(libc_a-findfp.o)
                              C:/ST/STM32CubeIDE_1.17.0/STM32CubeIDE/plugins/com.st.stm32cube.ide.mcu.externaltools.gnu-tools-for-stm32.12.3.rel1.win32_1.1.0.202410251130/tools/bin/../lib/gcc/arm-none-eabi/12.3.1/../../../../arm-none-eabi/lib/thumb/v7e-m+fp/hard\libc_nano.a(libc_a-exit.o) (__stdio_exit_handler)
C:/ST/STM32CubeIDE_1.17.0/STM32CubeIDE/plugins/com.st.stm32cube.ide.mcu.externaltools.gnu-tools-for-stm32.12.3.rel1.win32_1.1.0.202410251130/tools/bin/../lib/gcc/arm-none-eabi/12.3.1/../../../../arm-none-eabi/lib/thumb/v7e-m+fp/hard\libc_nano.a(libc_a-fwalk.o)
                              C:/ST/STM32CubeIDE_1.17.0/STM32CubeIDE/plugins/com.st.stm32cube.ide.mcu.externaltools.gnu-tools-for-stm32.12.3.rel1.win32_1.1.0.202410251130/tools/bin/../lib/gcc/arm-none-eabi/12.3.1/../../../../arm-none-eabi/lib/thumb/v7e-m+fp/hard\libc_nano.a(libc_a-findfp.o) (_fwalk_sglue)
C:/ST/STM32CubeIDE_1.17.0/STM32CubeIDE/plugins/com.st.stm32cube.ide.mcu.externaltools.gnu-tools-for-stm32.12.3.rel1.win32_1.1.0.202410251130/tools/bin/../lib/gcc/arm-none-eabi/12.3.1/../../../../arm-none-eabi/lib/thumb/v7e-m+fp/hard\libc_nano.a(libc_a-stdio.o)
                              C:/ST/STM32CubeIDE_1.17.0/STM32CubeIDE/plugins/com.st.stm32cube.ide.mcu.externaltools.gnu-tools-for-stm32.12.3.rel1.win32_1.1.0.202410251130/tools/bin/../lib/gcc/arm-none-eabi/12.3.1/../../../../arm-none-eabi/lib/thumb/v7e-m+fp/hard\libc_nano.a(libc_a-findfp.o) (__sread)
C:/ST/STM32CubeIDE_1.17.0/STM32CubeIDE/plugins/com.st.stm32cube.ide.mcu.externaltools.gnu-tools-for-stm32.12.3.rel1.win32_1.1.0.202410251130/tools/bin/../lib/gcc/arm-none-eabi/12.3.1/../../../../arm-none-eabi/lib/thumb/v7e-m+fp/hard\libc_nano.a(libc_a-memset.o)
                              C:/ST/STM32CubeIDE_1.17.0/STM32CubeIDE/plugins/com.st.stm32cube.ide.mcu.externaltools.gnu-tools-for-stm32.12.3.rel1.win32_1.1.0.202410251130/tools/bin/../lib/gcc/arm-none-eabi/12.3.1/../../../../arm-none-eabi/lib/thumb/v7e-m+fp/hard/crt0.o (memset)
C:/ST/STM32CubeIDE_1.17.0/STM32CubeIDE/plugins/com.st.stm32cube.ide.mcu.externaltools.gnu-tools-for-stm32.12.3.rel1.win32_1.1.0.202410251130/tools/bin/../lib/gcc/arm-none-eabi/12.3.1/../../../../arm-none-eabi/lib/thumb/v7e-m+fp/hard\libc_nano.a(libc_a-closer.o)
                              C:/ST/STM32CubeIDE_1.17.0/STM32CubeIDE/plugins/com.st.stm32cube.ide.mcu.externaltools.gnu-tools-for-stm32.12.3.rel1.win32_1.1.0.202410251130/tools/bin/../lib/gcc/arm-none-eabi/12.3.1/../../../../arm-none-eabi/lib/thumb/v7e-m+fp/hard\libc_nano.a(libc_a-stdio.o) (_close_r)
C:/ST/STM32CubeIDE_1.17.0/STM32CubeIDE/plugins/com.st.stm32cube.ide.mcu.externaltools.gnu-tools-for-stm32.12.3.rel1.win32_1.1.0.202410251130/tools/bin/../lib/gcc/arm-none-eabi/12.3.1/../../../../arm-none-eabi/lib/thumb/v7e-m+fp/hard\libc_nano.a(libc_a-reent.o)
                              C:/ST/STM32CubeIDE_1.17.0/STM32CubeIDE/plugins/com.st.stm32cube.ide.mcu.externaltools.gnu-tools-for-stm32.12.3.rel1.win32_1.1.0.202410251130/tools/bin/../lib/gcc/arm-none-eabi/12.3.1/../../../../arm-none-eabi/lib/thumb/v7e-m+fp/hard\libc_nano.a(libc_a-closer.o) (errno)
C:/ST/STM32CubeIDE_1.17.0/STM32CubeIDE/plugins/com.st.stm32cube.ide.mcu.externaltools.gnu-tools-for-stm32.12.3.rel1.win32_1.1.0.202410251130/tools/bin/../lib/gcc/arm-none-eabi/12.3.1/../../../../arm-none-eabi/lib/thumb/v7e-m+fp/hard\libc_nano.a(libc_a-impure.o)
                              C:/ST/STM32CubeIDE_1.17.0/STM32CubeIDE/plugins/com.st.stm32cube.ide.mcu.externaltools.gnu-tools-for-stm32.12.3.rel1.win32_1.1.0.202410251130/tools/bin/../lib/gcc/arm-none-eabi/12.3.1/../../../../arm-none-eabi/lib/thumb/v7e-m+fp/hard\libc_nano.a(libc_a-reent.o) (_impure_ptr)
C:/ST/STM32CubeIDE_1.17.0/STM32CubeIDE/plugins/com.st.stm32cube.ide.mcu.externaltools.gnu-tools-for-stm32.12.3.rel1.win32_1.1.0.202410251130/tools/bin/../lib/gcc/arm-none-eabi/12.3.1/../../../../arm-none-eabi/lib/thumb/v7e-m+fp/hard\libc_nano.a(libc_a-lseekr.o)
[...]
Memory Configuration

Name             Origin             Length             Attributes
CCMRAM           0x10000000         0x00001000         xrw
RAM              0x20000000         0x00003000         xrw
FLASH            0x08000000         0x00010000         xr
*default*        0x00000000         0xffffffff

Linker script and memory map

LOAD C:/ST/STM32CubeIDE_1.17.0/STM32CubeIDE/plugins/com.st.stm32cube.ide.mcu.externaltools.gnu-tools-for-stm32.12.3.rel1.win32_1.1.0.202410251130/tools/bin/../lib/gcc/arm-none-eabi/12.3.1/thumb/v7e-m+fp/hard/crti.o
LOAD C:/ST/STM32CubeIDE_1.17.0/STM32CubeIDE/plugins/com.st.stm32cube.ide.mcu.externaltools.gnu-tools-for-stm32.12.3.rel1.win32_1.1.0.202410251130/tools/bin/../lib/gcc/arm-none-eabi/12.3.1/thumb/v7e-m+fp/hard/crtbegin.o
LOAD C:/ST/STM32CubeIDE_1.17.0/STM32CubeIDE/plugins/com.st.stm32cube.ide.mcu.externaltools.gnu-tools-for-stm32.12.3.rel1.win32_1.1.0.202410251130/tools/bin/../lib/gcc/arm-none-eabi/12.3.1/../../../../arm-none-eabi/lib/thumb/v7e-m+fp/hard/crt0.o
LOAD ./Core/Src/adc.o
LOAD ./Core/Src/gpio.o
LOAD ./Core/Src/main.o
LOAD ./Core/Src/spi.o
LOAD ./Core/Src/stm32f3xx_hal_msp.o
LOAD ./Core/Src/stm32f3xx_it.o
LOAD ./Core/Src/syscalls.o
LOAD ./Core/Src/sysmem.o
LOAD ./Core/Src/system_stm32f3xx.o
LOAD ./Core/Src/tim.o
LOAD ./Core/Startup/startup_stm32f334c8tx.o
LOAD ./Drivers/STM32F3xx_HAL_Driver/Src/stm32f3xx_hal.o
LOAD ./Drivers/STM32F3xx_HAL_Driver/Src/stm32f3xx_hal_adc.o
LOAD ./Drivers/STM32F3xx_HAL_Driver/Src/stm32f3xx_hal_adc_ex.o
LOAD ./Drivers/STM32F3xx_HAL_Driver/Src/stm32f3xx_hal_cortex.o
LOAD ./Drivers/STM32F3xx_HAL_Driver/Src/stm32f3xx_hal_dma.o
LOAD ./Drivers/STM32F3xx_HAL_Driver/Src/stm32f3xx_hal_exti.o
LOAD ./Drivers/STM32F3xx_HAL_Driver/Src/stm32f3xx_hal_flash.o
LOAD ./Drivers/STM32F3xx_HAL_Driver/Src/stm32f3xx_hal_flash_ex.o
LOAD ./Drivers/STM32F3xx_HAL_Driver/Src/stm32f3xx_hal_gpio.o
LOAD ./Drivers/STM32F3xx_HAL_Driver/Src/stm32f3xx_hal_i2c.o
LOAD ./Drivers/STM32F3xx_HAL_Driver/Src/stm32f3xx_hal_i2c_ex.o
LOAD ./Drivers/STM32F3xx_HAL_Driver/Src/stm32f3xx_hal_pwr.o
LOAD ./Drivers/STM32F3xx_HAL_Driver/Src/stm32f3xx_hal_pwr_ex.o
LOAD ./Drivers/STM32F3xx_HAL_Driver/Src/stm32f3xx_hal_rcc.o
LOAD ./Drivers/STM32F3xx_HAL_Driver/Src/stm32f3xx_hal_rcc_ex.o
LOAD ./Drivers/STM32F3xx_HAL_Driver/Src/stm32f3xx_hal_spi.o
LOAD ./Drivers/STM32F3xx_HAL_Driver/Src/stm32f3xx_hal_spi_ex.o
LOAD ./Drivers/STM32F3xx_HAL_Driver/Src/stm32f3xx_hal_tim.o
LOAD ./Drivers/STM32F3xx_HAL_Driver/Src/stm32f3xx_hal_tim_ex.o
START GROUP
LOAD C:/ST/STM32CubeIDE_1.17.0/STM32CubeIDE/plugins/com.st.stm32cube.ide.mcu.externaltools.gnu-tools-for-stm32.12.3.rel1.win32_1.1.0.202410251130/tools/bin/../lib/gcc/arm-none-eabi/12.3.1/../../../../arm-none-eabi/lib/thumb/v7e-m+fp/hard\libc_nano.a
LOAD C:/ST/STM32CubeIDE_1.17.0/STM32CubeIDE/plugins/com.st.stm32cube.ide.mcu.externaltools.gnu-tools-for-stm32.12.3.rel1.win32_1.1.0.202410251130/tools/bin/../lib/gcc/arm-none-eabi/12.3.1/../../../../arm-none-eabi/lib/thumb/v7e-m+fp/hard\libm.a
END GROUP
START GROUP
LOAD C:/ST/STM32CubeIDE_1.17.0/STM32CubeIDE/plugins/com.st.stm32cube.ide.mcu.externaltools.gnu-tools-for-stm32.12.3.rel1.win32_1.1.0.202410251130/tools/bin/../lib/gcc/arm-none-eabi/12.3.1/thumb/v7e-m+fp/hard\libgcc.a
LOAD C:/ST/STM32CubeIDE_1.17.0/STM32CubeIDE/plugins/com.st.stm32cube.ide.mcu.externaltools.gnu-tools-for-stm32.12.3.rel1.win32_1.1.0.202410251130/tools/bin/../lib/gcc/arm-none-eabi/12.3.1/../../../../arm-none-eabi/lib/thumb/v7e-m+fp/hard\libc_nano.a
END GROUP
START GROUP
LOAD C:/ST/STM32CubeIDE_1.17.0/STM32CubeIDE/plugins/com.st.stm32cube.ide.mcu.externaltools.gnu-tools-for-stm32.12.3.rel1.win32_1.1.0.202410251130/tools/bin/../lib/gcc/arm-none-eabi/12.3.1/thumb/v7e-m+fp/hard\libgcc.a
LOAD C:/ST/STM32CubeIDE_1.17.0/STM32CubeIDE/plugins/com.st.stm32cube.ide.mcu.externaltools.gnu-tools-for-stm32.12.3.rel1.win32_1.1.0.202410251130/tools/bin/../lib/gcc/arm-none-eabi/12.3.1/../../../../arm-none-eabi/lib/thumb/v7e-m+fp/hard\libc_nano.a
LOAD C:/ST/STM32CubeIDE_1.17.0/STM32CubeIDE/plugins/com.st.stm32cube.ide.mcu.externaltools.gnu-tools-for-stm32.12.3.rel1.win32_1.1.0.202410251130/tools/bin/../lib/gcc/arm-none-eabi/12.3.1/../../../../arm-none-eabi/lib/thumb/v7e-m+fp/hard\libnosys.a
END GROUP
START GROUP
LOAD C:/ST/STM32CubeIDE_1.17.0/STM32CubeIDE/plugins/com.st.stm32cube.ide.mcu.externaltools.gnu-tools-for-stm32.12.3.rel1.win32_1.1.0.202410251130/tools/bin/../lib/gcc/arm-none-eabi/12.3.1/thumb/v7e-m+fp/hard\libgcc.a
LOAD C:/ST/STM32CubeIDE_1.17.0/STM32CubeIDE/plugins/com.st.stm32cube.ide.mcu.externaltools.gnu-tools-for-stm32.12.3.rel1.win32_1.1.0.202410251130/tools/bin/../lib/gcc/arm-none-eabi/12.3.1/../../../../arm-none-eabi/lib/thumb/v7e-m+fp/hard\libc_nano.a
LOAD C:/ST/STM32CubeIDE_1.17.0/STM32CubeIDE/plugins/com.st.stm32cube.ide.mcu.externaltools.gnu-tools-for-stm32.12.3.rel1.win32_1.1.0.202410251130/tools/bin/../lib/gcc/arm-none-eabi/12.3.1/../../../../arm-none-eabi/lib/thumb/v7e-m+fp/hard\libnosys.a
END GROUP
LOAD C:/ST/STM32CubeIDE_1.17.0/STM32CubeIDE/plugins/com.st.stm32cube.ide.mcu.externaltools.gnu-tools-for-stm32.12.3.rel1.win32_1.1.0.202410251130/tools/bin/../lib/gcc/arm-none-eabi/12.3.1/thumb/v7e-m+fp/hard/crtend.o
LOAD C:/ST/STM32CubeIDE_1.17.0/STM32CubeIDE/plugins/com.st.stm32cube.ide.mcu.externaltools.gnu-tools-for-stm32.12.3.rel1.win32_1.1.0.202410251130/tools/bin/../lib/gcc/arm-none-eabi/12.3.1/thumb/v7e-m+fp/hard/crtn.o
                0x20003000                        _estack = (ORIGIN (RAM) + LENGTH (RAM))
                0x00000200                        _Min_Heap_Size = 0x200
                0x00000400                        _Min_Stack_Size = 0x400

.isr_vector     0x08000000      0x188
                0x08000000                        . = ALIGN (0x4)
 *(.isr_vector)
 .isr_vector    0x08000000      0x188 ./Core/Startup/startup_stm32f334c8tx.o
                0x08000000                g_pfnVectors
                0x08000188                        . = ALIGN (0x4)

.text           0x08000188     0x3e70
                0x08000188                        . = ALIGN (0x4)
 *(.text)
 .text          0x08000188       0x40 C:/ST/STM32CubeIDE_1.17.0/STM32CubeIDE/plugins/com.st.stm32cube.ide.mcu.externaltools.gnu-tools-for-stm32.12.3.rel1.win32_1.1.0.202410251130/tools/bin/../lib/gcc/arm-none-eabi/12.3.1/thumb/v7e-m+fp/hard/crtbegin.o
 *(.text*)
 .text.MX_ADC1_Init
                0x080001c8       0xe0 ./Core/Src/adc.o
                0x080001c8                MX_ADC1_Init
 .text.HAL_ADC_MspInit
                0x080002a8       0x7c ./Core/Src/adc.o
                0x080002a8                HAL_ADC_MspInit
 .text.MX_GPIO_Init
                0x08000324      0x16c ./Core/Src/gpio.o
                0x08000324                MX_GPIO_Init
 .text.delay_ns
                0x08000490       0x3c ./Core/Src/main.o
 .text.MCP4922_Write
                0x080004cc       0xb4 ./Core/Src/main.o
                0x080004cc                MCP4922_Write
 .text.HMC_WriteBit
                0x08000580       0x58 ./Core/Src/main.o
 .text.HMC_SetAttenuation
                0x080005d8       0xc8 ./Core/Src/main.o
                0x080005d8                HMC_SetAttenuation
 .text.HMC_Reset
                0x080006a0       0x2c ./Core/Src/main.o
                0x080006a0                HMC_Reset
 .text.set_dac_value
                0x080006cc       0x1c ./Core/Src/main.o
                0x080006cc                set_dac_value
 .text.main     0x080006e8       0xf0 ./Core/Src/main.o
                0x080006e8                main
 .text.SystemClock_Config
                0x080007d8       0xb4 ./Core/Src/main.o
                0x080007d8                SystemClock_Config
 .text.Error_Handler
                0x0800088c        0xc ./Core/Src/main.o
                0x0800088c                Error_Handler
 .text.MX_SPI1_Init
                0x08000898       0x7c ./Core/Src/spi.o
                0x08000898                MX_SPI1_Init
 .text.HAL_SPI_MspInit
                0x08000914       0x88 ./Core/Src/spi.o
                0x08000914                HAL_SPI_MspInit
 .text.HAL_MspInit
                0x0800099c       0x48 ./Core/Src/stm32f3xx_hal_msp.o
                0x0800099c                HAL_MspInit
 .text.NMI_Handler
                0x080009e4        0x8 ./Core/Src/stm32f3xx_it.o
                0x080009e4                NMI_Handler
 .text.HardFault_Handler
                0x080009ec        0x8 ./Core/Src/stm32f3xx_it.o
                0x080009ec                HardFault_Handler
 .text.MemManage_Handler
                0x080009f4        0x8 ./Core/Src/stm32f3xx_it.o
                0x080009f4                MemManage_Handler
 .text.BusFault_Handler
                0x080009fc        0x8 ./Core/Src/stm32f3xx_it.o
                0x080009fc                BusFault_Handler
 .text.UsageFault_Handler
                0x08000a04        0x8 ./Core/Src/stm32f3xx_it.o
                0x08000a04                UsageFault_Handler
 .text.SVC_Handler
                0x08000a0c        0xe ./Core/Src/stm32f3xx_it.o
                0x08000a0c                SVC_Handler
 .text.DebugMon_Handler
                0x08000a1a        0xe ./Core/Src/stm32f3xx_it.o
                0x08000a1a                DebugMon_Handler
 .text.PendSV_Handler
                0x08000a28        0xe ./Core/Src/stm32f3xx_it.o
                0x08000a28                PendSV_Handler
 .text.SysTick_Handler
                0x08000a36        0xc ./Core/Src/stm32f3xx_it.o
                0x08000a36                SysTick_Handler
 *fill*         0x08000a42        0x2 
 .text.SystemInit
                0x08000a44       0x24 ./Core/Src/system_stm32f3xx.o
                0x08000a44                SystemInit
 .text.MX_TIM2_Init
                0x08000a68       0x9c ./Core/Src/tim.o
                0x08000a68                MX_TIM2_Init
 .text.HAL_TIM_Base_MspInit
                0x08000b04       0x3c ./Core/Src/tim.o
                0x08000b04                HAL_TIM_Base_MspInit
 .text.Reset_Handler
                0x08000b40       0x50 ./Core/Startup/startup_stm32f334c8tx.o
                0x08000b40                Reset_Handler
 .text.Default_Handler
                0x08000b90        0x2 ./Core/Startup/startup_stm32f334c8tx.o
                0x08000b90                RTC_Alarm_IRQHandler
                0x08000b90                HRTIM1_Master_IRQHandler
                0x08000b90                TIM1_CC_IRQHandler
                0x08000b90                HRTIM1_FLT_IRQHandler
                0x08000b90                PVD_IRQHandler
                0x08000b90                HRTIM1_TIMD_IRQHandler
                0x08000b90                TAMP_STAMP_IRQHandler
                0x08000b90                EXTI3_IRQHandler
                0x08000b90                EXTI0_IRQHandler
                0x08000b90                FPU_IRQHandler
                0x08000b90                CAN_TX_IRQHandler
                0x08000b90                TIM1_UP_TIM16_IRQHandler
                0x08000b90                ADC1_2_IRQHandler
                0x08000b90                HRTIM1_TIME_IRQHandler
                0x08000b90                SPI1_IRQHandler
                0x08000b90                CAN_SCE_IRQHandler
                0x08000b90                HRTIM1_TIMC_IRQHandler
                0x08000b90                DMA1_Channel4_IRQHandler
                0x08000b90                USART3_IRQHandler
                0x08000b90                DMA1_Channel7_IRQHandler
                0x08000b90                TIM7_DAC2_IRQHandler
                0x08000b90                CAN_RX1_IRQHandler
                0x08000b90                I2C1_EV_IRQHandler
                0x08000b90                DMA1_Channel6_IRQHandler
                0x08000b90                TIM3_IRQHandler
                0x08000b90                RCC_IRQHandler
                0x08000b90                DMA1_Channel1_IRQHandler
                0x08000b90                Default_Handler
                0x08000b90                EXTI15_10_IRQHandler
                0x08000b90                COMP2_IRQHandler
                0x08000b90                HRTIM1_TIMA_IRQHandler
                0x08000b90                TIM6_DAC1_IRQHandler
                0x08000b90                EXTI9_5_IRQHandler
                0x08000b90                RTC_WKUP_IRQHandler
                0x08000b90                DMA1_Channel5_IRQHandler
                0x08000b90                EXTI4_IRQHandler
                0x08000b90                HRTIM1_TIMB_IRQHandler
                0x08000b90                TIM1_TRG_COM_TIM17_IRQHandler
                0x08000b90                DMA1_Channel3_IRQHandler
                0x08000b90                WWDG_IRQHandler
                0x08000b90                TIM2_IRQHandler
                0x08000b90                EXTI1_IRQHandler
                0x08000b90                COMP4_6_IRQHandler
                0x08000b90                USART2_IRQHandler
                0x08000b90                DMA1_Channel2_IRQHandler
                0x08000b90                FLASH_IRQHandler
                0x08000b90                USART1_IRQHandler
                0x08000b90                CAN_RX0_IRQHandler
                0x08000b90                I2C1_ER_IRQHandler
                0x08000b90                EXTI2_TSC_IRQHandler
                0x08000b90                TIM1_BRK_TIM15_IRQHandler
 *fill*         0x08000b92        0x2 
 .text.HAL_Init
                0x08000b94       0x2c ./Drivers/STM32F3xx_HAL_Driver/Src/stm32f3xx_hal.o
                0x08000b94                HAL_Init
 .text.HAL_InitTick
                0x08000bc0       0x60 ./Drivers/STM32F3xx_HAL_Driver/Src/stm32f3xx_hal.o
                0x08000bc0                HAL_InitTick
 .text.HAL_IncTick
                0x08000c20       0x28 ./Drivers/STM32F3xx_HAL_Driver/Src/stm32f3xx_hal.o
                0x08000c20                HAL_IncTick
 .text.HAL_GetTick
                0x08000c48       0x18 ./Drivers/STM32F3xx_HAL_Driver/Src/stm32f3xx_hal.o
                0x08000c48                HAL_GetTick
 .text.HAL_Delay
                0x08000c60       0x48 ./Drivers/STM32F3xx_HAL_Driver/Src/stm32f3xx_hal.o
                0x08000c60                HAL_Delay
 .text.HAL_ADC_Init
                0x08000ca8      0x324 ./Drivers/STM32F3xx_HAL_Driver/Src/stm32f3xx_hal_adc_ex.o
                0x08000ca8                HAL_ADC_Init
 .text.HAL_ADC_ConfigChannel
                0x08000fcc      0x57c ./Drivers/STM32F3xx_HAL_Driver/Src/stm32f3xx_hal_adc_ex.o
                0x08000fcc                HAL_ADC_ConfigChannel
 .text.HAL_ADCEx_MultiModeConfigChannel
                0x08001548      0x18c ./Drivers/STM32F3xx_HAL_Driver/Src/stm32f3xx_hal_adc_ex.o
                0x08001548                HAL_ADCEx_MultiModeConfigChannel
 .text.ADC_Disable
                0x080016d4       0xcc ./Drivers/STM32F3xx_HAL_Driver/Src/stm32f3xx_hal_adc_ex.o
 .text.__NVIC_SetPriorityGrouping
                0x080017a0       0x48 ./Drivers/STM32F3xx_HAL_Driver/Src/stm32f3xx_hal_cortex.o
 .text.__NVIC_GetPriorityGrouping
                0x080017e8       0x1c ./Drivers/STM32F3xx_HAL_Driver/Src/stm32f3xx_hal_cortex.o
 .text.__NVIC_SetPriority
                0x08001804       0x54 ./Drivers/STM32F3xx_HAL_Driver/Src/stm32f3xx_hal_cortex.o
 .text.NVIC_EncodePriority
                0x08001858       0x66 ./Drivers/STM32F3xx_HAL_Driver/Src/stm32f3xx_hal_cortex.o
 *fill*         0x080018be        0x2 
 .text.SysTick_Config
                0x080018c0       0x44 ./Drivers/STM32F3xx_HAL_Driver/Src/stm32f3xx_hal_cortex.o
 .text.HAL_NVIC_SetPriorityGrouping
                0x08001904       0x16 ./Drivers/STM32F3xx_HAL_Driver/Src/stm32f3xx_hal_cortex.o
                0x08001904                HAL_NVIC_SetPriorityGrouping
 .text.HAL_NVIC_SetPriority
                0x0800191a       0x38 ./Drivers/STM32F3xx_HAL_Driver/Src/stm32f3xx_hal_cortex.o
                0x0800191a                HAL_NVIC_SetPriority
 .text.HAL_SYSTICK_Config
                0x08001952       0x18 ./Drivers/STM32F3xx_HAL_Driver/Src/stm32f3xx_hal_cortex.o
                0x08001952                HAL_SYSTICK_Config
 *fill*         0x0800196a        0x2 
 .text.HAL_GPIO_Init
                0x0800196c      0x2e4 ./Drivers/STM32F3xx_HAL_Driver/Src/stm32f3xx_hal_gpio.o
                0x0800196c                HAL_GPIO_Init
 .text.HAL_GPIO_ReadPin
                0x08001c50       0x30 ./Drivers/STM32F3xx_HAL_Driver/Src/stm32f3xx_hal_gpio.o
                0x08001c50                HAL_GPIO_ReadPin
 .text.HAL_GPIO_WritePin
                0x08001c80       0x30 ./Drivers/STM32F3xx_HAL_Driver/Src/stm32f3xx_hal_gpio.o
                0x08001c80                HAL_GPIO_WritePin
 .text.HAL_RCC_OscConfig
                0x08001cb0     0x107c ./Drivers/STM32F3xx_HAL_Driver/Src/stm32f3xx_hal_rcc.o
                0x08001cb0                HAL_RCC_OscConfig
 .text.HAL_RCC_ClockConfig
                0x08002d2c      0x2f8 ./Drivers/STM32F3xx_HAL_Driver/Src/stm32f3xx_hal_rcc.o
                0x08002d2c                HAL_RCC_ClockConfig
 .text.HAL_RCC_GetSysClockFreq
                0x08003024       0xa8 ./Drivers/STM32F3xx_HAL_Driver/Src/stm32f3xx_hal_rcc.o
                0x08003024                HAL_RCC_GetSysClockFreq
 .text.HAL_RCCEx_PeriphCLKConfig
                0x080030cc      0x26c ./Drivers/STM32F3xx_HAL_Driver/Src/stm32f3xx_hal_rcc_ex.o
                0x080030cc                HAL_RCCEx_PeriphCLKConfig
 .text.HAL_SPI_Init
                0x08003338      0x146 ./Drivers/STM32F3xx_HAL_Driver/Src/stm32f3xx_hal_spi.o
                0x08003338                HAL_SPI_Init
 .text.HAL_SPI_Transmit
                0x0800347e      0x2ea ./Drivers/STM32F3xx_HAL_Driver/Src/stm32f3xx_hal_spi.o
                0x0800347e                HAL_SPI_Transmit
 .text.SPI_WaitFlagStateUntilTimeout
                0x08003768      0x110 ./Drivers/STM32F3xx_HAL_Driver/Src/stm32f3xx_hal_spi.o
 .text.SPI_WaitFifoStateUntilTimeout
                0x08003878      0x12c ./Drivers/STM32F3xx_HAL_Driver/Src/stm32f3xx_hal_spi.o
 .text.SPI_EndRxTxTransaction
                0x080039a4       0x8c ./Drivers/STM32F3xx_HAL_Driver/Src/stm32f3xx_hal_spi.o
 .text.HAL_TIM_Base_Init
                0x08003a30       0xae ./Drivers/STM32F3xx_HAL_Driver/Src/stm32f3xx_hal_tim.o
                0x08003a30                HAL_TIM_Base_Init
 .text.HAL_TIM_ConfigClockSource
                0x08003ade      0x192 ./Drivers/STM32F3xx_HAL_Driver/Src/stm32f3xx_hal_tim.o
                0x08003ade                HAL_TIM_ConfigClockSource
 .text.TIM_Base_SetConfig
                0x08003c70      0x108 ./Drivers/STM32F3xx_HAL_Driver/Src/stm32f3xx_hal_tim.o
                0x08003c70                TIM_Base_SetConfig
 .text.TIM_TI1_ConfigInputStage
                0x08003d78       0x5e ./Drivers/STM32F3xx_HAL_Driver/Src/stm32f3xx_hal_tim.o
 .text.TIM_TI2_ConfigInputStage
                0x08003dd6       0x60 ./Drivers/STM32F3xx_HAL_Driver/Src/stm32f3xx_hal_tim.o
 .text.TIM_ITRx_SetConfig
                0x08003e36       0x36 ./Drivers/STM32F3xx_HAL_Driver/Src/stm32f3xx_hal_tim.o
 .text.TIM_ETR_SetConfig
                0x08003e6c       0x40 ./Drivers/STM32F3xx_HAL_Driver/Src/stm32f3xx_hal_tim.o
                0x08003e6c                TIM_ETR_SetConfig
 .text.HAL_TIMEx_MasterConfigSynchronization
                0x08003eac       0xdc ./Drivers/STM32F3xx_HAL_Driver/Src/stm32f3xx_hal_tim_ex.o
                0x08003eac                HAL_TIMEx_MasterConfigSynchronization
 .text.memset   0x08003f88       0x10 C:/ST/STM32CubeIDE_1.17.0/STM32CubeIDE/plugins/com.st.stm32cube.ide.mcu.externaltools.gnu-tools-for-stm32.12.3.rel1.win32_1.1.0.202410251130/tools/bin/../lib/gcc/arm-none-eabi/12.3.1/../../../../arm-none-eabi/lib/thumb/v7e-m+fp/hard\libc_nano.a(libc_a-memset.o)
                0x08003f88                memset
 .text.__libc_init_array
                0x08003f98       0x48 C:/ST/STM32CubeIDE_1.17.0/STM32CubeIDE/plugins/com.st.stm32cube.ide.mcu.externaltools.gnu-tools-for-stm32.12.3.rel1.win32_1.1.0.202410251130/tools/bin/../lib/gcc/arm-none-eabi/12.3.1/../../../../arm-none-eabi/lib/thumb/v7e-m+fp/hard\libc_nano.a(libc_a-init.o)
                0x08003f98                __libc_init_array
 *(.glue_7)
 .glue_7        0x08003fe0        0x0 linker stubs
 *(.glue_7t)
 .glue_7t       0x08003fe0        0x0 linker stubs
 *(.eh_frame)
 .eh_frame      0x08003fe0        0x0 C:/ST/STM32CubeIDE_1.17.0/STM32CubeIDE/plugins/com.st.stm32cube.ide.mcu.externaltools.gnu-tools-for-stm32.12.3.rel1.win32_1.1.0.202410251130/tools/bin/../lib/gcc/arm-none-eabi/12.3.1/thumb/v7e-m+fp/hard/crtbegin.o
 *(.init)
 .init          0x08003fe0        0x4 C:/ST/STM32CubeIDE_1.17.0/STM32CubeIDE/plugins/com.st.stm32cube.ide.mcu.externaltools.gnu-tools-for-stm32.12.3.rel1.win32_1.1.0.202410251130/tools/bin/../lib/gcc/arm-none-eabi/12.3.1/thumb/v7e-m+fp/hard/crti.o
                0x08003fe0                _init
 .init          0x08003fe4        0x8 C:/ST/STM32CubeIDE_1.17.0/STM32CubeIDE/plugins/com.st.stm32cube.ide.mcu.externaltools.gnu-tools-for-stm32.12.3.rel1.win32_1.1.0.202410251130/tools/bin/../lib/gcc/arm-none-eabi/12.3.1/thumb/v7e-m+fp/hard/crtn.o
 *(.fini)
 .fini          0x08003fec        0x4 C:/ST/STM32CubeIDE_1.17.0/STM32CubeIDE/plugins/com.st.stm32cube.ide.mcu.externaltools.gnu-tools-for-stm32.12.3.rel1.win32_1.1.0.202410251130/tools/bin/../lib/gcc/arm-none-eabi/12.3.1/thumb/v7e-m+fp/hard/crti.o
                0x08003fec                _fini
 .fini          0x08003ff0        0x8 C:/ST/STM32CubeIDE_1.17.0/STM32CubeIDE/plugins/com.st.stm32cube.ide.mcu.externaltools.gnu-tools-for-stm32.12.3.rel1.win32_1.1.0.202410251130/tools/bin/../lib/gcc/arm-none-eabi/12.3.1/thumb/v7e-m+fp/hard/crtn.o
                0x08003ff8                        . = ALIGN (0x4)
                0x08003ff8                        _etext = .

.vfp11_veneer   0x08003ff8        0x0
 .vfp11_veneer  0x08003ff8        0x0 linker stubs

.v4_bx          0x08003ff8        0x0
 .v4_bx         0x08003ff8        0x0 linker stubs

.iplt           0x08003ff8        0x0
 .iplt          0x08003ff8        0x0 C:/ST/STM32CubeIDE_1.17.0/STM32CubeIDE/plugins/com.st.stm32cube.ide.mcu.externaltools.gnu-tools-for-stm32.12.3.rel1.win32_1.1.0.202410251130/tools/bin/../lib/gcc/arm-none-eabi/12.3.1/thumb/v7e-m+fp/hard/crtbegin.o

.rodata         0x08003ff8       0x30
                0x08003ff8                        . = ALIGN (0x4)
 *(.rodata)
 *(.rodata*)
 .rodata.AHBPrescTable
                0x08003ff8       0x10 ./Core/Src/system_stm32f3xx.o
                0x08003ff8                AHBPrescTable
 .rodata.aPLLMULFactorTable
                0x08004008       0x10 ./Drivers/STM32F3xx_HAL_Driver/Src/stm32f3xx_hal_rcc.o
 .rodata.aPredivFactorTable
                0x08004018       0x10 ./Drivers/STM32F3xx_HAL_Driver/Src/stm32f3xx_hal_rcc.o
                0x08004028                        . = ALIGN (0x4)

.ARM.extab      0x08004028        0x0
                0x08004028                        . = ALIGN (0x4)
 *(.ARM.extab* .gnu.linkonce.armextab.*)
                0x08004028                        . = ALIGN (0x4)

.ARM            0x08004028        0x0
                0x08004028                        . = ALIGN (0x4)
                0x08004028                        __exidx_start = .
 *(.ARM.exidx*)
                0x08004028                        __exidx_end = .
                0x08004028                        . = ALIGN (0x4)

.preinit_array  0x08004028        0x0
                0x08004028                        . = ALIGN (0x4)
                0x08004028                        PROVIDE (__preinit_array_start = .)
 *(.preinit_array*)
                0x08004028                        PROVIDE (__preinit_array_end = .)
                0x08004028                        . = ALIGN (0x4)

.init_array     0x08004028        0x4
                0x08004028                        . = ALIGN (0x4)
                0x08004028                        PROVIDE (__init_array_start = .)
 *(SORT_BY_NAME(.init_array.*))
 *(.init_array*)
 .init_array    0x08004028        0x4 C:/ST/STM32CubeIDE_1.17.0/STM32CubeIDE/plugins/com.st.stm32cube.ide.mcu.externaltools.gnu-tools-for-stm32.12.3.rel1.win32_1.1.0.202410251130/tools/bin/../lib/gcc/arm-none-eabi/12.3.1/thumb/v7e-m+fp/hard/crtbegin.o
                0x0800402c                        PROVIDE (__init_array_end = .)
                0x0800402c                        . = ALIGN (0x4)

.fini_array     0x0800402c        0x4
                0x0800402c                        . = ALIGN (0x4)
                [!provide]                        PROVIDE (__fini_array_start = .)
 *(SORT_BY_NAME(.fini_array.*))
 *(.fini_array*)
 .fini_array    0x0800402c        0x4 C:/ST/STM32CubeIDE_1.17.0/STM32CubeIDE/plugins/com.st.stm32cube.ide.mcu.externaltools.gnu-tools-for-stm32.12.3.rel1.win32_1.1.0.202410251130/tools/bin/../lib/gcc/arm-none-eabi/12.3.1/thumb/v7e-m+fp/hard/crtbegin.o
                [!provide]                        PROVIDE (__fini_array_end = .)
                0x08004030                        . = ALIGN (0x4)
                0x08004030                        _sidata = LOADADDR (.data)

.rel.dyn        0x08004030        0x0
 .rel.iplt      0x08004030        0x0 C:/ST/STM32CubeIDE_1.17.0/STM32CubeIDE/plugins/com.st.stm32cube.ide.mcu.externaltools.gnu-tools-for-stm32.12.3.rel1.win32_1.1.0.202410251130/tools/bin/../lib/gcc/arm-none-eabi/12.3.1/thumb/v7e-m+fp/hard/crtbegin.o

.data           0x20000000       0x40 load address 0x08004030
                0x20000000                        . = ALIGN (0x4)
                0x20000000                        _sdata = .
 *(.data)
 *(.data*)
 .data.dac_rssi_table
                0x20000000       0x34 ./Core/Src/main.o
                0x20000000                dac_rssi_table
 .data.SystemCoreClock
                0x20000034        0x4 ./Core/Src/system_stm32f3xx.o
                0x20000034                SystemCoreClock
 .data.uwTickPrio
                0x20000038        0x4 ./Drivers/STM32F3xx_HAL_Driver/Src/stm32f3xx_hal.o
                0x20000038                uwTickPrio
 .data.uwTickFreq
                0x2000003c        0x1 ./Drivers/STM32F3xx_HAL_Driver/Src/stm32f3xx_hal.o
                0x2000003c                uwTickFreq
 *(.RamFunc)
 *(.RamFunc*)
                0x20000040                        . = ALIGN (0x4)
 *fill*         0x2000003d        0x3 
                0x20000040                        _edata = .
                0x08004070                        _siccmram = LOADADDR (.ccmram)

.igot.plt       0x20000040        0x0 load address 0x08004070
 .igot.plt      0x20000040        0x0 C:/ST/STM32CubeIDE_1.17.0/STM32CubeIDE/plugins/com.st.stm32cube.ide.mcu.externaltools.gnu-tools-for-stm32.12.3.rel1.win32_1.1.0.202410251130/tools/bin/../lib/gcc/arm-none-eabi/12.3.1/thumb/v7e-m+fp/hard/crtbegin.o

.ccmram         0x10000000        0x0 load address 0x08004070
                0x10000000                        . = ALIGN (0x4)
                0x10000000                        _sccmram = .
 *(.ccmram)
 *(.ccmram*)
                0x10000000                        . = ALIGN (0x4)
                0x10000000                        _eccmram = .
                0x10000000                        . = ALIGN (0x4)

.bss            0x20000040      0x124
                0x20000040                        _sbss = .
                0x20000040                        __bss_start__ = _sbss
 *(.bss)
 .bss           0x20000040       0x1c C:/ST/STM32CubeIDE_1.17.0/STM32CubeIDE/plugins/com.st.stm32cube.ide.mcu.externaltools.gnu-tools-for-stm32.12.3.rel1.win32_1.1.0.202410251130/tools/bin/../lib/gcc/arm-none-eabi/12.3.1/thumb/v7e-m+fp/hard/crtbegin.o
 *(.bss*)
 .bss.hadc1     0x2000005c       0x50 ./Core/Src/adc.o
                0x2000005c                hadc1
 .bss.rssi      0x200000ac        0x4 ./Core/Src/main.o
                0x200000ac                rssi
 .bss.hspi1     0x200000b0       0x64 ./Core/Src/spi.o
                0x200000b0                hspi1
 .bss.htim2     0x20000114       0x4c ./Core/Src/tim.o
                0x20000114                htim2
 .bss.uwTick    0x20000160        0x4 ./Drivers/STM32F3xx_HAL_Driver/Src/stm32f3xx_hal.o
                0x20000160                uwTick
 *(COMMON)
                0x20000164                        . = ALIGN (0x4)
                0x20000164                        _ebss = .
                0x20000164                        __bss_end__ = _ebss

._user_heap_stack
                0x20000164      0x604
                0x20000168                        . = ALIGN (0x8)
 *fill*         0x20000164        0x4 
                [!provide]                        PROVIDE (end = .)
                0x20000168                        PROVIDE (_end = .)
                0x20000368                        . = (. + _Min_Heap_Size)
 *fill*         0x20000168      0x200 
                0x20000768                        . = (. + _Min_Stack_Size)
 *fill*         0x20000368      0x400 
                0x20000768                        . = ALIGN (0x8)

/DISCARD/
 libc.a(*)
 libm.a(*)
 libgcc.a(*)

.ARM.attributes
                0x00000000       0x30
 *(.ARM.attributes)
 .ARM.attributes
                0x00000000       0x22 C:/ST/STM32CubeIDE_1.17.0/STM32CubeIDE/plugins/com.st.stm32cube.ide.mcu.externaltools.gnu-tools-for-stm32.12.3.rel1.win32_1.1.0.202410251130/tools/bin/../lib/gcc/arm-none-eabi/12.3.1/thumb/v7e-m+fp/hard/crti.o
 .ARM.attributes
                0x00000022       0x34 C:/ST/STM32CubeIDE_1.17.0/STM32CubeIDE/plugins/com.st.stm32cube.ide.mcu.externaltools.gnu-tools-for-stm32.12.3.rel1.win32_1.1.0.202410251130/tools/bin/../lib/gcc/arm-none-eabi/12.3.1/thumb/v7e-m+fp/hard/crtbegin.o
 .ARM.attributes
                0x00000056       0x34 ./Core/Src/adc.o
 .ARM.attributes
                0x0000008a       0x34 ./Core/Src/gpio.o
 .ARM.attributes
                0x000000be       0x34 ./Core/Src/main.o
 .ARM.attributes
                0x000000f2       0x34 ./Core/Src/spi.o
 .ARM.attributes
                0x00000126       0x34 ./Core/Src/stm32f3xx_hal_msp.o
 .ARM.attributes
                0x0000015a       0x34 ./Core/Src/stm32f3xx_it.o
 .ARM.attributes
                0x0000018e       0x34 ./Core/Src/system_stm32f3xx.o
 .ARM.attributes
                0x000001c2       0x34 ./Core/Src/tim.o
 .ARM.attributes
                0x000001f6       0x21 ./Core/Startup/startup_stm32f334c8tx.o
 .ARM.attributes
                0x00000217       0x34 ./Drivers/STM32F3xx_HAL_Driver/Src/stm32f3xx_hal.o
 .ARM.attributes
                0x0000024b       0x34 ./Drivers/STM32F3xx_HAL_Driver/Src/stm32f3xx_hal_adc_ex.o
 .ARM.attributes
                0x0000027f       0x34 ./Drivers/STM32F3xx_HAL_Driver/Src/stm32f3xx_hal_cortex.o
 .ARM.attributes
                0x000002b3       0x34 ./Drivers/STM32F3xx_HAL_Driver/Src/stm32f3xx_hal_gpio.o
 .ARM.attributes
                0x000002e7       0x34 ./Drivers/STM32F3xx_HAL_Driver/Src/stm32f3xx_hal_rcc.o
 .ARM.attributes
                0x0000031b       0x34 ./Drivers/STM32F3xx_HAL_Driver/Src/stm32f3xx_hal_rcc_ex.o
 .ARM.attributes
                0x0000034f       0x34 ./Drivers/STM32F3xx_HAL_Driver/Src/stm32f3xx_hal_spi.o
 .ARM.attributes
                0x00000383       0x34 ./Drivers/STM32F3xx_HAL_Driver/Src/stm32f3xx_hal_tim.o
 .ARM.attributes
                0x000003b7       0x34 ./Drivers/STM32F3xx_HAL_Driver/Src/stm32f3xx_hal_tim_ex.o
 .ARM.attributes
                0x000003eb       0x34 C:/ST/STM32CubeIDE_1.17.0/STM32CubeIDE/plugins/com.st.stm32cube.ide.mcu.externaltools.gnu-tools-for-stm32.12.3.rel1.win32_1.1.0.202410251130/tools/bin/../lib/gcc/arm-none-eabi/12.3.1/../../../../arm-none-eabi/lib/thumb/v7e-m+fp/hard\libc_nano.a(libc_a-memset.o)
 .ARM.attributes
                0x0000041f       0x34 C:/ST/STM32CubeIDE_1.17.0/STM32CubeIDE/plugins/com.st.stm32cube.ide.mcu.externaltools.gnu-tools-for-stm32.12.3.rel1.win32_1.1.0.202410251130/tools/bin/../lib/gcc/arm-none-eabi/12.3.1/../../../../arm-none-eabi/lib/thumb/v7e-m+fp/hard\libc_nano.a(libc_a-init.o)
 .ARM.attributes
                0x00000453       0x22 C:/ST/STM32CubeIDE_1.17.0/STM32CubeIDE/plugins/com.st.stm32cube.ide.mcu.externaltools.gnu-tools-for-stm32.12.3.rel1.win32_1.1.0.202410251130/tools/bin/../lib/gcc/arm-none-eabi/12.3.1/thumb/v7e-m+fp/hard/crtn.o
OUTPUT(linear_amplifier_HMC542BLP4E.elf elf32-littlearm)
LOAD linker stubs
LOAD C:/ST/STM32CubeIDE_1.17.0/STM32CubeIDE/plugins/com.st.stm32cube.ide.mcu.externaltools.gnu-tools-for-stm32.12.3.rel1.win32_1.1.0.202410251130/tools/bin/../lib/gcc/arm-none-eabi/12.3.1/../../../../arm-none-eabi/lib/thumb/v7e-m+fp/hard\libc.a
LOAD C:/ST/STM32CubeIDE_1.17.0/STM32CubeIDE/plugins/com.st.stm32cube.ide.mcu.externaltools.gnu-tools-for-stm32.12.3.rel1.win32_1.1.0.202410251130/tools/bin/../lib/gcc/arm-none-eabi/12.3.1/../../../../arm-none-eabi/lib/thumb/v7e-m+fp/hard\libm.a
LOAD C:/ST/STM32CubeIDE_1.17.0/STM32CubeIDE/plugins/com.st.stm32cube.ide.mcu.externaltools.gnu-tools-for-stm32.12.3.rel1.win32_1.1.0.202410251130/tools/bin/../lib/gcc/arm-none-eabi/12.3.1/thumb/v7e-m+fp/hard\libgcc.a

.debug_info     0x00000000     0xcf5c
 .debug_info    0x00000000      0xa75 ./Core/Src/adc.o
 .debug_info    0x00000a75      0x321 ./Core/Src/gpio.o
 .debug_info    0x00000d96      0xbec ./Core/Src/main.o
 .debug_info    0x00001982      0x839 ./Core/Src/spi.o
 .debug_info    0x000021bb      0x18d ./Core/Src/stm32f3xx_hal_msp.o
 .debug_info    0x00002348      0x113 ./Core/Src/stm32f3xx_it.o
 .debug_info    0x0000245b      0x407 ./Core/Src/system_stm32f3xx.o
 .debug_info    0x00002862      0x8a0 ./Core/Src/tim.o
 .debug_info    0x00003102       0x30 ./Core/Startup/startup_stm32f334c8tx.o
 .debug_info    0x00003132      0x774 ./Drivers/STM32F3xx_HAL_Driver/Src/stm32f3xx_hal.o
 .debug_info    0x000038a6     0x15b2 ./Drivers/STM32F3xx_HAL_Driver/Src/stm32f3xx_hal_adc_ex.o
 .debug_info    0x00004e58      0xab1 ./Drivers/STM32F3xx_HAL_Driver/Src/stm32f3xx_hal_cortex.o
 .debug_info    0x00005909      0x6a6 ./Drivers/STM32F3xx_HAL_Driver/Src/stm32f3xx_hal_gpio.o
 .debug_info    0x00005faf     0x148a ./Drivers/STM32F3xx_HAL_Driver/Src/stm32f3xx_hal_rcc.o
 .debug_info    0x00007439      0x53c ./Drivers/STM32F3xx_HAL_Driver/Src/stm32f3xx_hal_rcc_ex.o
 .debug_info    0x00007975     0x160a ./Drivers/STM32F3xx_HAL_Driver/Src/stm32f3xx_hal_spi.o
 .debug_info    0x00008f7f     0x2a70 ./Drivers/STM32F3xx_HAL_Driver/Src/stm32f3xx_hal_tim.o
 .debug_info    0x0000b9ef     0x156d ./Drivers/STM32F3xx_HAL_Driver/Src/stm32f3xx_hal_tim_ex.o

.debug_abbrev   0x00000000     0x2269
 .debug_abbrev  0x00000000      0x205 ./Core/Src/adc.o
 .debug_abbrev  0x00000205      0x151 ./Core/Src/gpio.o
 .debug_abbrev  0x00000356      0x2e9 ./Core/Src/main.o
 .debug_abbrev  0x0000063f      0x1f1 ./Core/Src/spi.o
 .debug_abbrev  0x00000830       0xc6 ./Core/Src/stm32f3xx_hal_msp.o
 .debug_abbrev  0x000008f6       0x73 ./Core/Src/stm32f3xx_it.o
 .debug_abbrev  0x00000969      0x11a ./Core/Src/system_stm32f3xx.o
 .debug_abbrev  0x00000a83      0x1d8 ./Core/Src/tim.o
 .debug_abbrev  0x00000c5b       0x24 ./Core/Startup/startup_stm32f334c8tx.o
 .debug_abbrev  0x00000c7f      0x215 ./Drivers/STM32F3xx_HAL_Driver/Src/stm32f3xx_hal.o
 .debug_abbrev  0x00000e94      0x28e ./Drivers/STM32F3xx_HAL_Driver/Src/stm32f3xx_hal_adc_ex.o
 .debug_abbrev  0x00001122      0x2f8 ./Drivers/STM32F3xx_HAL_Driver/Src/stm32f3xx_hal_cortex.o
 .debug_abbrev  0x0000141a      0x1ca ./Drivers/STM32F3xx_HAL_Driver/Src/stm32f3xx_hal_gpio.o
 .debug_abbrev  0x000015e4      0x300 ./Drivers/STM32F3xx_HAL_Driver/Src/stm32f3xx_hal_rcc.o
 .debug_abbrev  0x000018e4      0x221 ./Drivers/STM32F3xx_HAL_Driver/Src/stm32f3xx_hal_rcc_ex.o
 .debug_abbrev  0x00001b05      0x269 ./Drivers/STM32F3xx_HAL_Driver/Src/stm32f3xx_hal_spi.o
 .debug_abbrev  0x00001d6e      0x278 ./Drivers/STM32F3xx_HAL_Driver/Src/stm32f3xx_hal_tim.o
 .debug_abbrev  0x00001fe6      0x283 ./Drivers/STM32F3xx_HAL_Driver/Src/stm32f3xx_hal_tim_ex.o

.debug_aranges  0x00000000      0xd78
 .debug_aranges
                0x00000000       0x30 ./Core/Src/adc.o
 .debug_aranges
                0x00000030       0x20 ./Core/Src/gpio.o
 .debug_aranges
                0x00000050       0x68 ./Core/Src/main.o
 .debug_aranges
                0x000000b8       0x30 ./Core/Src/spi.o
 .debug_aranges
                0x000000e8       0x20 ./Core/Src/stm32f3xx_hal_msp.o
 .debug_aranges
                0x00000108       0x60 ./Core/Src/stm32f3xx_it.o
 .debug_aranges
                0x00000168       0x28 ./Core/Src/system_stm32f3xx.o
 .debug_aranges
                0x00000190       0x30 ./Core/Src/tim.o
 .debug_aranges
                0x000001c0       0x28 ./Core/Startup/startup_stm32f334c8tx.o
 .debug_aranges
                0x000001e8       0xe0 ./Drivers/STM32F3xx_HAL_Driver/Src/stm32f3xx_hal.o
 .debug_aranges
                0x000002c8      0x168 ./Drivers/STM32F3xx_HAL_Driver/Src/stm32f3xx_hal_adc_ex.o
 .debug_aranges
                0x00000430      0x100 ./Drivers/STM32F3xx_HAL_Driver/Src/stm32f3xx_hal_cortex.o
 .debug_aranges
                0x00000530       0x58 ./Drivers/STM32F3xx_HAL_Driver/Src/stm32f3xx_hal_gpio.o
 .debug_aranges
                0x00000588       0x88 ./Drivers/STM32F3xx_HAL_Driver/Src/stm32f3xx_hal_rcc.o
 .debug_aranges
                0x00000610       0x38 ./Drivers/STM32F3xx_HAL_Driver/Src/stm32f3xx_hal_rcc_ex.o
 .debug_aranges
                0x00000648      0x1d8 ./Drivers/STM32F3xx_HAL_Driver/Src/stm32f3xx_hal_spi.o
 .debug_aranges
                0x00000820      0x3e0 ./Drivers/STM32F3xx_HAL_Driver/Src/stm32f3xx_hal_tim.o
 .debug_aranges
                0x00000c00      0x178 ./Drivers/STM32F3xx_HAL_Driver/Src/stm32f3xx_hal_tim_ex.o

.debug_rnglists
                0x00000000      0xa6c
 .debug_rnglists
                0x00000000       0x20 ./Core/Src/adc.o
 .debug_rnglists
                0x00000020       0x14 ./Core/Src/gpio.o
 .debug_rnglists
                0x00000034       0x4d ./Core/Src/main.o
 .debug_rnglists
                0x00000081       0x20 ./Core/Src/spi.o
 .debug_rnglists
                0x000000a1       0x13 ./Core/Src/stm32f3xx_hal_msp.o
 .debug_rnglists
                0x000000b4       0x43 ./Core/Src/stm32f3xx_it.o
 .debug_rnglists
                0x000000f7       0x1a ./Core/Src/system_stm32f3xx.o
 .debug_rnglists
                0x00000111       0x20 ./Core/Src/tim.o
 .debug_rnglists
                0x00000131       0x19 ./Core/Startup/startup_stm32f334c8tx.o
 .debug_rnglists
                0x0000014a       0xa3 ./Drivers/STM32F3xx_HAL_Driver/Src/stm32f3xx_hal.o
 .debug_rnglists
                0x000001ed      0x126 ./Drivers/STM32F3xx_HAL_Driver/Src/stm32f3xx_hal_adc_ex.o
 .debug_rnglists
                0x00000313       0xbb ./Drivers/STM32F3xx_HAL_Driver/Src/stm32f3xx_hal_cortex.o
 .debug_rnglists
                0x000003ce       0x3f ./Drivers/STM32F3xx_HAL_Driver/Src/stm32f3xx_hal_gpio.o
 .debug_rnglists
                0x0000040d       0x66 ./Drivers/STM32F3xx_HAL_Driver/Src/stm32f3xx_hal_rcc.o
 .debug_rnglists
                0x00000473       0x28 ./Drivers/STM32F3xx_HAL_Driver/Src/stm32f3xx_hal_rcc_ex.o
 .debug_rnglists
                0x0000049b      0x178 ./Drivers/STM32F3xx_HAL_Driver/Src/stm32f3xx_hal_spi.o
 .debug_rnglists
                0x00000613      0x328 ./Drivers/STM32F3xx_HAL_Driver/Src/stm32f3xx_hal_tim.o
 .debug_rnglists
                0x0000093b      0x131 ./Drivers/STM32F3xx_HAL_Driver/Src/stm32f3xx_hal_tim_ex.o

.debug_macro    0x00000000    0x20623
 .debug_macro   0x00000000      0x1f9 ./Core/Src/adc.o
 .debug_macro   0x000001f9      0xab4 ./Core/Src/adc.o
 .debug_macro   0x00000cad      0x164 ./Core/Src/adc.o
 .debug_macro   0x00000e11       0x2e ./Core/Src/adc.o
 .debug_macro   0x00000e3f       0x28 ./Core/Src/adc.o
 .debug_macro   0x00000e67       0x22 ./Core/Src/adc.o
 .debug_macro   0x00000e89       0x8e ./Core/Src/adc.o
 .debug_macro   0x00000f17       0x51 ./Core/Src/adc.o
 .debug_macro   0x00000f68      0x103 ./Core/Src/adc.o
 .debug_macro   0x0000106b       0x6a ./Core/Src/adc.o
 .debug_macro   0x000010d5      0x1df ./Core/Src/adc.o
 .debug_macro   0x000012b4       0x1c ./Core/Src/adc.o
 .debug_macro   0x000012d0       0x22 ./Core/Src/adc.o
 .debug_macro   0x000012f2       0xd9 ./Core/Src/adc.o
 .debug_macro   0x000013cb      0xf07 ./Core/Src/adc.o
 .debug_macro   0x000022d2    0x1585b ./Core/Src/adc.o
 .debug_macro   0x00017b2d       0x6d ./Core/Src/adc.o
 .debug_macro   0x00017b9a     0x3574 ./Core/Src/adc.o
 .debug_macro   0x0001b10e      0x189 ./Core/Src/adc.o
 .debug_macro   0x0001b297       0x55 ./Core/Src/adc.o
 .debug_macro   0x0001b2ec      0x8f8 ./Core/Src/adc.o
 .debug_macro   0x0001bbe4      0x358 ./Core/Src/adc.o
 .debug_macro   0x0001bf3c      0x1b5 ./Core/Src/adc.o
 .debug_macro   0x0001c0f1      0x130 ./Core/Src/adc.o
 .debug_macro   0x0001c221      0x1d5 ./Core/Src/adc.o
 .debug_macro   0x0001c3f6      0x1bc ./Core/Src/adc.o
 .debug_macro   0x0001c5b2       0x34 ./Core/Src/adc.o
 .debug_macro   0x0001c5e6       0x3c ./Core/Src/adc.o
 .debug_macro   0x0001c622       0x57 ./Core/Src/adc.o
 .debug_macro   0x0001c679      0x845 ./Core/Src/adc.o
 .debug_macro   0x0001cebe       0x77 ./Core/Src/adc.o
 .debug_macro   0x0001cf35       0xc5 ./Core/Src/adc.o
 .debug_macro   0x0001cffa      0x19f ./Core/Src/adc.o
 .debug_macro   0x0001d199      0x22c ./Core/Src/adc.o
 .debug_macro   0x0001d3c5       0x5b ./Core/Src/adc.o
 .debug_macro   0x0001d420       0xa5 ./Core/Src/adc.o
 .debug_macro   0x0001d4c5       0x81 ./Core/Src/adc.o
 .debug_macro   0x0001d546       0xd3 ./Core/Src/adc.o
 .debug_macro   0x0001d619      0x2fe ./Core/Src/adc.o
 .debug_macro   0x0001d917      0xa60 ./Core/Src/adc.o
 .debug_macro   0x0001e377       0x59 ./Core/Src/adc.o
 .debug_macro   0x0001e3d0      0x2a1 ./Core/Src/adc.o
 .debug_macro   0x0001e671       0x7c ./Core/Src/adc.o
 .debug_macro   0x0001e6ed      0x1f9 ./Core/Src/gpio.o
 .debug_macro   0x0001e8e6      0x221 ./Core/Src/main.o
 .debug_macro   0x0001eb07      0x1f9 ./Core/Src/spi.o
 .debug_macro   0x0001ed00      0x1ef ./Core/Src/stm32f3xx_hal_msp.o
 .debug_macro   0x0001eeef      0x1f9 ./Core/Src/stm32f3xx_it.o
 .debug_macro   0x0001f0e8      0x1e0 ./Core/Src/system_stm32f3xx.o
 .debug_macro   0x0001f2c8      0x1f9 ./Core/Src/tim.o
 .debug_macro   0x0001f4c1      0x204 ./Drivers/STM32F3xx_HAL_Driver/Src/stm32f3xx_hal.o
 .debug_macro   0x0001f6c5      0x20a ./Drivers/STM32F3xx_HAL_Driver/Src/stm32f3xx_hal_adc_ex.o
 .debug_macro   0x0001f8cf      0x1e0 ./Drivers/STM32F3xx_HAL_Driver/Src/stm32f3xx_hal_cortex.o
 .debug_macro   0x0001faaf      0x1e7 ./Drivers/STM32F3xx_HAL_Driver/Src/stm32f3xx_hal_gpio.o
 .debug_macro   0x0001fc96      0x204 ./Drivers/STM32F3xx_HAL_Driver/Src/stm32f3xx_hal_rcc.o
 .debug_macro   0x0001fe9a      0x1e0 ./Drivers/STM32F3xx_HAL_Driver/Src/stm32f3xx_hal_rcc_ex.o
 .debug_macro   0x0002007a      0x1e8 ./Drivers/STM32F3xx_HAL_Driver/Src/stm32f3xx_hal_spi.o
 .debug_macro   0x00020262      0x1e1 ./Drivers/STM32F3xx_HAL_Driver/Src/stm32f3xx_hal_tim.o
 .debug_macro   0x00020443      0x1e0 ./Drivers/STM32F3xx_HAL_Driver/Src/stm32f3xx_hal_tim_ex.o

.debug_line     0x00000000    0x11c6a
 .debug_line    0x00000000      0x82d ./Core/Src/adc.o
 .debug_line    0x0000082d      0x7ed ./Core/Src/gpio.o
 .debug_line    0x0000101a      0x9b4 ./Core/Src/main.o
 .debug_line    0x000019ce      0x80a ./Core/Src/spi.o
 .debug_line    0x000021d8      0x791 ./Core/Src/stm32f3xx_hal_msp.o
 .debug_line    0x00002969      0x854 ./Core/Src/stm32f3xx_it.o
 .debug_line    0x000031bd      0x80b ./Core/Src/system_stm32f3xx.o
 .debug_line    0x000039c8      0x7fc ./Core/Src/tim.o
 .debug_line    0x000041c4       0x7a ./Core/Startup/startup_stm32f334c8tx.o
 .debug_line    0x0000423e      0xa43 ./Drivers/STM32F3xx_HAL_Driver/Src/stm32f3xx_hal.o
 .debug_line    0x00004c81     0x2121 ./Drivers/STM32F3xx_HAL_Driver/Src/stm32f3xx_hal_adc_ex.o
 .debug_line    0x00006da2      0xc29 ./Drivers/STM32F3xx_HAL_Driver/Src/stm32f3xx_hal_cortex.o
 .debug_line    0x000079cb      0xba6 ./Drivers/STM32F3xx_HAL_Driver/Src/stm32f3xx_hal_gpio.o
 .debug_line    0x00008571     0x13d7 ./Drivers/STM32F3xx_HAL_Driver/Src/stm32f3xx_hal_rcc.o
 .debug_line    0x00009948      0xb19 ./Drivers/STM32F3xx_HAL_Driver/Src/stm32f3xx_hal_rcc_ex.o
 .debug_line    0x0000a461     0x2039 ./Drivers/STM32F3xx_HAL_Driver/Src/stm32f3xx_hal_spi.o
 .debug_line    0x0000c49a     0x3d21 ./Drivers/STM32F3xx_HAL_Driver/Src/stm32f3xx_hal_tim.o
 .debug_line    0x000101bb     0x1aaf ./Drivers/STM32F3xx_HAL_Driver/Src/stm32f3xx_hal_tim_ex.o

.debug_str      0x00000000    0xc47b4
 .debug_str     0x00000000    0xc0d38 ./Core/Src/adc.o
                              0xc1079 (size before relaxing)
 .debug_str     0x000c0d38       0x68 ./Core/Src/gpio.o
                              0xc0b24 (size before relaxing)
 .debug_str     0x000c0da0      0x575 ./Core/Src/main.o
                              0xc1274 (size before relaxing)
 .debug_str     0x000c1315       0x4b ./Core/Src/spi.o
                              0xc0f48 (size before relaxing)
 .debug_str     0x000c1360       0x2c ./Core/Src/stm32f3xx_hal_msp.o
                              0xc0a59 (size before relaxing)
 .debug_str     0x000c138c       0xc9 ./Core/Src/stm32f3xx_it.o
                              0xc0a88 (size before relaxing)
 .debug_str     0x000c1455       0xdf ./Core/Src/system_stm32f3xx.o
                              0xc0969 (size before relaxing)
 .debug_str     0x000c1534      0x3e3 ./Core/Src/tim.o
                              0xc10e4 (size before relaxing)
 .debug_str     0x000c1917       0x44 ./Core/Startup/startup_stm32f334c8tx.o
                                 0x98 (size before relaxing)
 .debug_str     0x000c195b      0x640 ./Drivers/STM32F3xx_HAL_Driver/Src/stm32f3xx_hal.o
                              0xc10d1 (size before relaxing)
 .debug_str     0x000c1f9b      0x87a ./Drivers/STM32F3xx_HAL_Driver/Src/stm32f3xx_hal_adc_ex.o
                              0xc166f (size before relaxing)
 .debug_str     0x000c2815      0x23f ./Drivers/STM32F3xx_HAL_Driver/Src/stm32f3xx_hal_cortex.o
                              0xc0ff6 (size before relaxing)
 .debug_str     0x000c2a54      0x14b ./Drivers/STM32F3xx_HAL_Driver/Src/stm32f3xx_hal_gpio.o
                              0xc0b48 (size before relaxing)
 .debug_str     0x000c2b9f      0x2d1 ./Drivers/STM32F3xx_HAL_Driver/Src/stm32f3xx_hal_rcc.o
                              0xc0e09 (size before relaxing)
 .debug_str     0x000c2e70       0xbe ./Drivers/STM32F3xx_HAL_Driver/Src/stm32f3xx_hal_rcc_ex.o
                              0xc0b1d (size before relaxing)
 .debug_str     0x000c2f2e      0x581 ./Drivers/STM32F3xx_HAL_Driver/Src/stm32f3xx_hal_spi.o
                              0xc1281 (size before relaxing)
 .debug_str     0x000c34af      0xe29 ./Drivers/STM32F3xx_HAL_Driver/Src/stm32f3xx_hal_tim.o
                              0xc1da0 (size before relaxing)
 .debug_str     0x000c42d8      0x4dc ./Drivers/STM32F3xx_HAL_Driver/Src/stm32f3xx_hal_tim_ex.o
                              0xc15e6 (size before relaxing)

.comment        0x00000000       0x43
 .comment       0x00000000       0x43 ./Core/Src/adc.o
                                 0x44 (size before relaxing)
 .comment       0x00000043       0x44 ./Core/Src/gpio.o
 .comment       0x00000043       0x44 ./Core/Src/main.o
 .comment       0x00000043       0x44 ./Core/Src/spi.o
 .comment       0x00000043       0x44 ./Core/Src/stm32f3xx_hal_msp.o
 .comment       0x00000043       0x44 ./Core/Src/stm32f3xx_it.o
 .comment       0x00000043       0x44 ./Core/Src/system_stm32f3xx.o
 .comment       0x00000043       0x44 ./Core/Src/tim.o
 .comment       0x00000043       0x44 ./Drivers/STM32F3xx_HAL_Driver/Src/stm32f3xx_hal.o
 .comment       0x00000043       0x44 ./Drivers/STM32F3xx_HAL_Driver/Src/stm32f3xx_hal_adc_ex.o
 .comment       0x00000043       0x44 ./Drivers/STM32F3xx_HAL_Driver/Src/stm32f3xx_hal_cortex.o
 .comment       0x00000043       0x44 ./Drivers/STM32F3xx_HAL_Driver/Src/stm32f3xx_hal_gpio.o
 .comment       0x00000043       0x44 ./Drivers/STM32F3xx_HAL_Driver/Src/stm32f3xx_hal_rcc.o
 .comment       0x00000043       0x44 ./Drivers/STM32F3xx_HAL_Driver/Src/stm32f3xx_hal_rcc_ex.o
 .comment       0x00000043       0x44 ./Drivers/STM32F3xx_HAL_Driver/Src/stm32f3xx_hal_spi.o
 .comment       0x00000043       0x44 ./Drivers/STM32F3xx_HAL_Driver/Src/stm32f3xx_hal_tim.o
 .comment       0x00000043       0x44 ./Drivers/STM32F3xx_HAL_Driver/Src/stm32f3xx_hal_tim_ex.o

.debug_frame    0x00000000     0x3790
 .debug_frame   0x00000000       0x7c ./Core/Src/adc.o
 .debug_frame   0x0000007c       0x34 ./Core/Src/gpio.o
 .debug_frame   0x000000b0      0x164 ./Core/Src/main.o
 .debug_frame   0x00000214       0x74 ./Core/Src/spi.o
 .debug_frame   0x00000288       0x38 ./Core/Src/stm32f3xx_hal_msp.o
 .debug_frame   0x000002c0      0x104 ./Core/Src/stm32f3xx_it.o
 .debug_frame   0x000003c4       0x58 ./Core/Src/system_stm32f3xx.o
 .debug_frame   0x0000041c       0x84 ./Core/Src/tim.o
 .debug_frame   0x000004a0      0x334 ./Drivers/STM32F3xx_HAL_Driver/Src/stm32f3xx_hal.o
 .debug_frame   0x000007d4      0x638 ./Drivers/STM32F3xx_HAL_Driver/Src/stm32f3xx_hal_adc_ex.o
 .debug_frame   0x00000e0c      0x428 ./Drivers/STM32F3xx_HAL_Driver/Src/stm32f3xx_hal_cortex.o
 .debug_frame   0x00001234      0x14c ./Drivers/STM32F3xx_HAL_Driver/Src/stm32f3xx_hal_gpio.o
 .debug_frame   0x00001380      0x214 ./Drivers/STM32F3xx_HAL_Driver/Src/stm32f3xx_hal_rcc.o
 .debug_frame   0x00001594       0xb0 ./Drivers/STM32F3xx_HAL_Driver/Src/stm32f3xx_hal_rcc_ex.o
 .debug_frame   0x00001644      0x860 ./Drivers/STM32F3xx_HAL_Driver/Src/stm32f3xx_hal_spi.o
 .debug_frame   0x00001ea4     0x1218 ./Drivers/STM32F3xx_HAL_Driver/Src/stm32f3xx_hal_tim.o
 .debug_frame   0x000030bc      0x688 ./Drivers/STM32F3xx_HAL_Driver/Src/stm32f3xx_hal_tim_ex.o
 .debug_frame   0x00003744       0x20 C:/ST/STM32CubeIDE_1.17.0/STM32CubeIDE/plugins/com.st.stm32cube.ide.mcu.externaltools.gnu-tools-for-stm32.12.3.rel1.win32_1.1.0.202410251130/tools/bin/../lib/gcc/arm-none-eabi/12.3.1/../../../../arm-none-eabi/lib/thumb/v7e-m+fp/hard\libc_nano.a(libc_a-memset.o)
 .debug_frame   0x00003764       0x2c C:/ST/STM32CubeIDE_1.17.0/STM32CubeIDE/plugins/com.st.stm32cube.ide.mcu.externaltools.gnu-tools-for-stm32.12.3.rel1.win32_1.1.0.202410251130/tools/bin/../lib/gcc/arm-none-eabi/12.3.1/../../../../arm-none-eabi/lib/thumb/v7e-m+fp/hard\libc_nano.a(libc_a-init.o)

.debug_line_str
                0x00000000       0x7c
 .debug_line_str
                0x00000000       0x7c ./Core/Startup/startup_stm32f334c8tx.o
