../Core/Src/main.c:80:13:delay_ns	24	static,ignoring_inline_asm
../Core/Src/main.c:87:6:MCP4922_Write	24	static
../Core/Src/main.c:109:6:MCP4922_Send	16	static
../Core/Src/main.c:119:13:HMC_WriteBit	16	static
../Core/Src/main.c:129:13:HMC_WriteBit2	16	static
../Core/Src/main.c:140:6:HMC_SetAttenuation	32	static
../Core/Src/main.c:165:6:HMC_SetAttenuation2	32	static
../Core/Src/main.c:192:6:HMC_Reset	8	static
../Core/Src/main.c:198:6:HMC2_Reset	8	static
../Core/Src/main.c:205:6:set_dac_value	16	static
../Core/Src/main.c:219:5:main	16	static
../Core/Src/main.c:364:6:SystemClock_Config	72	static
../Core/Src/main.c:403:6:Error_Handler	4	static,ignoring_inline_asm
