../Core/Src/main.c:78:13:delay_ns	24	static,ignoring_inline_asm
../Core/Src/main.c:85:6:MCP4922_Write	24	static
../Core/Src/main.c:107:6:MCP4922_Send	16	static
../Core/Src/main.c:117:13:HMC_WriteBit	16	static
../Core/Src/main.c:128:6:HMC_SetAttenuation	32	static
../Core/Src/main.c:155:6:HMC_Reset	8	static
../Core/Src/main.c:162:6:set_dac_value	16	static
../Core/Src/main.c:173:5:main	16	static
../Core/Src/main.c:267:6:SystemClock_Config	96	static
../Core/Src/main.c:312:6:Error_Handler	4	static,ignoring_inline_asm
